#
# A fatal error has been detected by the Java Runtime Environment:
#
#  Internal Error (jvmciRuntime.cpp:1010), pid=29364, tid=4384
#  fatal error: Fatal error in JVMCI shared library JavaVM[5] owned by JVMCI runtime 1
#
# JRE version: OpenJDK Runtime Environment GraalVM CE 21.0.2+13.1 (21.0.2+13) (build 21.0.2+13-jvmci-23.1-b30)
# Java VM: OpenJDK 64-Bit Server VM GraalVM CE 21.0.2+13.1 (21.0.2+13-jvmci-23.1-b30, mixed mode, sharing, tiered, jvmci, jvmci compiler, compressed oops, compressed class ptrs, g1 gc, windows-amd64)
# No core dump will be written. Minidumps are not enabled by default on client versions of Windows
#
# If you would like to submit a bug report, please visit:
#   https://github.com/oracle/graal/issues
# The crash happened outside the Java Virtual Machine in native code.
# See problematic frame for where to report the bug.
#

---------------  S U M M A R Y ------------

Command Line: -XX:ThreadPriorityPolicy=1 -XX:+UnlockExperimentalVMOptions -XX:+EnableJVMCIProduct -XX:-UnlockExperimentalVMOptions -javaagent:C:\Program Files\JetBrains\IntelliJ IDEA 2026.1.1\lib\idea_rt.jar=59098 -Dfile.encoding=UTF-8 -Dsun.stdout.encoding=UTF-8 -Dsun.stderr.encoding=UTF-8 pe.edu.upeu.padronmatrimonios.App

Host: 13th Gen Intel(R) Core(TM) i7-13650HX, 20 cores, 15G,  Windows 11 , 64 bit Build 26100 (10.0.26100.9444)
Time: Thu Sep 24 08:22:24 2026 Hora est. Pacífico, Sudamérica elapsed time: 1.386729 seconds (0d 0h 0m 1s)

---------------  T H R E A D  ---------------

Current thread (0x00000202abdcd630):  JavaThread "JVMCI-native CompilerThread2" daemon [_thread_in_native, id=4384, stack(0x000000bb40f00000,0x000000bb41000000) (1024K)]


Current CompileTask:
JVMCI-native:   1386 1314       4       java.util.ArrayList::add (25 bytes)

Stack: [0x000000bb40f00000,0x000000bb41000000]
Native frames: (J=compiled Java code, j=interpreted, Vv=VM code, C=native code)
V  [jvm.dll+0x6d47c9]
V  [jvm.dll+0x8603a1]
V  [jvm.dll+0x86270e]
V  [jvm.dll+0x280f31]
V  [jvm.dll+0x52d6e1]
C  [jvmcicompiler.dll+0xb61f9]


---------------  P R O C E S S  ---------------

Threads class SMR info:
_java_thread_list=0x00000202abd50790, length=24, elements={
0x000002023a8b2fc0, 0x000002025e1bb9b0, 0x000002025e1bc610, 0x000002025e1bd270,
0x000002025e1bfe10, 0x000002025e1c0870, 0x000002025e1c38c0, 0x000002025e1da8d0,
0x000002025e1dcf90, 0x000002025e3e9400, 0x000002025e4c9bd0, 0x000002025e4d6c20,
0x000002025e4d7f90, 0x000002025e55dd40, 0x000002025e560800, 0x000002025e4ca260,
0x000002025e4c9540, 0x000002025e4cc9c0, 0x000002025e4ca8f0, 0x000002025e4caf80,
0x000002025e4cb610, 0x000002025e4cbca0, 0x00000202abdccf80, 0x00000202abdcd630
}

Java Threads: ( => current thread )
  0x000002023a8b2fc0 JavaThread "main"                              [_thread_blocked, id=30408, stack(0x000000bb3e600000,0x000000bb3e700000) (1024K)]
  0x000002025e1bb9b0 JavaThread "Reference Handler"          daemon [_thread_blocked, id=29800, stack(0x000000bb3ee00000,0x000000bb3ef00000) (1024K)]
  0x000002025e1bc610 JavaThread "Finalizer"                  daemon [_thread_blocked, id=30616, stack(0x000000bb3ef00000,0x000000bb3f000000) (1024K)]
  0x000002025e1bd270 JavaThread "Signal Dispatcher"          daemon [_thread_blocked, id=20068, stack(0x000000bb3f000000,0x000000bb3f100000) (1024K)]
  0x000002025e1bfe10 JavaThread "Attach Listener"            daemon [_thread_blocked, id=28848, stack(0x000000bb3f100000,0x000000bb3f200000) (1024K)]
  0x000002025e1c0870 JavaThread "Service Thread"             daemon [_thread_blocked, id=23852, stack(0x000000bb3f200000,0x000000bb3f300000) (1024K)]
  0x000002025e1c38c0 JavaThread "Monitor Deflation Thread"   daemon [_thread_blocked, id=27604, stack(0x000000bb3f300000,0x000000bb3f400000) (1024K)]
  0x000002025e1da8d0 JavaThread "JVMCI-native CompilerThread0" daemon [_thread_blocked, id=21180, stack(0x000000bb3f400000,0x000000bb3f500000) (1024K)]
  0x000002025e1dcf90 JavaThread "C1 CompilerThread0"         daemon [_thread_blocked, id=26788, stack(0x000000bb3f500000,0x000000bb3f600000) (1024K)]
  0x000002025e3e9400 JavaThread "C1 CompilerThread1"         daemon [_thread_blocked, id=13936, stack(0x000000bb3f600000,0x000000bb3f700000) (1024K)]
  0x000002025e4c9bd0 JavaThread "Common-Cleaner"             daemon [_thread_blocked, id=29044, stack(0x000000bb3f700000,0x000000bb3f800000) (1024K)]
  0x000002025e4d6c20 JavaThread "C1 CompilerThread2"         daemon [_thread_blocked, id=27180, stack(0x000000bb3f800000,0x000000bb3f900000) (1024K)]
  0x000002025e4d7f90 JavaThread "C1 CompilerThread3"         daemon [_thread_blocked, id=23584, stack(0x000000bb3f900000,0x000000bb3fa00000) (1024K)]
  0x000002025e55dd40 JavaThread "C1 CompilerThread4"         daemon [_thread_blocked, id=13216, stack(0x000000bb3fa00000,0x000000bb3fb00000) (1024K)]
  0x000002025e560800 JavaThread "C1 CompilerThread5"         daemon [_thread_blocked, id=30532, stack(0x000000bb3fb00000,0x000000bb3fc00000) (1024K)]
  0x000002025e4ca260 JavaThread "Monitor Ctrl-Break"         daemon [_thread_in_native, id=7304, stack(0x000000bb3fd00000,0x000000bb3fe00000) (1024K)]
  0x000002025e4c9540 JavaThread "Notification Thread"        daemon [_thread_blocked, id=28508, stack(0x000000bb3fe00000,0x000000bb3ff00000) (1024K)]
  0x000002025e4cc9c0 JavaThread "JavaFX-Launcher"                   [_thread_blocked, id=12992, stack(0x000000bb3ff00000,0x000000bb40000000) (1024K)]
  0x000002025e4ca8f0 JavaThread "QuantumRenderer-0"          daemon [_thread_blocked, id=26076, stack(0x000000bb40200000,0x000000bb40300000) (1024K)]
  0x000002025e4caf80 JavaThread "InvokeLaterDispatcher"      daemon [_thread_blocked, id=18084, stack(0x000000bb3fc00000,0x000000bb3fd00000) (1024K)]
  0x000002025e4cb610 JavaThread "JavaFX Application Thread"         [_thread_in_native, id=27064, stack(0x000000bb40000000,0x000000bb40100000) (1024K)]
  0x000002025e4cbca0 JavaThread "Thread-2"                   daemon [_thread_in_native, id=30044, stack(0x000000bb40100000,0x000000bb40200000) (1024K)]
  0x00000202abdccf80 JavaThread "JVMCI-native CompilerThread1" daemon [_thread_in_native, id=24604, stack(0x000000bb40e00000,0x000000bb40f00000) (1024K)]
=>0x00000202abdcd630 JavaThread "JVMCI-native CompilerThread2" daemon [_thread_in_native, id=4384, stack(0x000000bb40f00000,0x000000bb41000000) (1024K)]
Total: 24

Other Threads:
  0x000002025e193dc0 VMThread "VM Thread"                           [id=8100, stack(0x000000bb3ed00000,0x000000bb3ee00000) (1024K)]
  0x000002025e179880 WatcherThread "VM Periodic Task Thread"        [id=20800, stack(0x000000bb3ec00000,0x000000bb3ed00000) (1024K)]
  0x000002023ccfd750 WorkerThread "GC Thread#0"                     [id=28624, stack(0x000000bb3e700000,0x000000bb3e800000) (1024K)]
  0x00000202abd485e0 WorkerThread "GC Thread#1"                     [id=28572, stack(0x000000bb40400000,0x000000bb40500000) (1024K)]
  0x00000202abd48980 WorkerThread "GC Thread#2"                     [id=29276, stack(0x000000bb40500000,0x000000bb40600000) (1024K)]
  0x00000202abcf92b0 WorkerThread "GC Thread#3"                     [id=620, stack(0x000000bb40600000,0x000000bb40700000) (1024K)]
  0x00000202abcf9650 WorkerThread "GC Thread#4"                     [id=29592, stack(0x000000bb40700000,0x000000bb40800000) (1024K)]
  0x00000202abcf99f0 WorkerThread "GC Thread#5"                     [id=15580, stack(0x000000bb40800000,0x000000bb40900000) (1024K)]
  0x00000202abd70e60 WorkerThread "GC Thread#6"                     [id=16000, stack(0x000000bb40900000,0x000000bb40a00000) (1024K)]
  0x00000202abd71200 WorkerThread "GC Thread#7"                     [id=27352, stack(0x000000bb40a00000,0x000000bb40b00000) (1024K)]
  0x00000202abd815b0 WorkerThread "GC Thread#8"                     [id=28852, stack(0x000000bb40b00000,0x000000bb40c00000) (1024K)]
  0x00000202abd92f70 WorkerThread "GC Thread#9"                     [id=13320, stack(0x000000bb40c00000,0x000000bb40d00000) (1024K)]
  0x00000202abd91d50 WorkerThread "GC Thread#10"                    [id=29024, stack(0x000000bb40d00000,0x000000bb40e00000) (1024K)]
  0x000002023cd0e6c0 ConcurrentGCThread "G1 Main Marker"            [id=22800, stack(0x000000bb3e800000,0x000000bb3e900000) (1024K)]
  0x000002023cd10fe0 WorkerThread "G1 Conc#0"                       [id=17856, stack(0x000000bb3e900000,0x000000bb3ea00000) (1024K)]
  0x000002025e04b5a0 ConcurrentGCThread "G1 Refine#0"               [id=30036, stack(0x000000bb3ea00000,0x000000bb3eb00000) (1024K)]
  0x000002025e04bfb0 ConcurrentGCThread "G1 Service"                [id=23136, stack(0x000000bb3eb00000,0x000000bb3ec00000) (1024K)]
Total: 17

Threads with active compile tasks:
JVMCI-native CompilerThread1     1398 1356       4       java.lang.StringConcatHelper::prepend (37 bytes)
JVMCI-native CompilerThread2     1398 1314       4       java.util.ArrayList::add (25 bytes)
Total: 2

VM state: not at safepoint (normal execution)

VM Mutex/Monitor currently owned by a thread:  ([mutex/lock_event])
[0x00007ffc7d9f4908] MethodCompileQueue_lock - owner thread: 0x0000000000000000
[0x00007ffc7d9f6488] SystemDictionary_lock - owner thread: 0x0000000000000000

Heap address: 0x0000000703800000, size: 4040 MB, Compressed Oops mode: Zero based, Oop shift amount: 3

CDS archive(s) mapped at: [0x000002025f000000-0x000002025fc90000-0x000002025fc90000), size 13172736, SharedBaseAddress: 0x000002025f000000, ArchiveRelocationMode: 1.
Compressed class space mapped at: 0x0000020260000000-0x00000202a0000000, reserved size: 1073741824
Narrow klass base: 0x000002025f000000, Narrow klass shift: 0, Narrow klass range: 0x100000000

GC Precious Log:
 CardTable entry size: 512
 Card Set container configuration: InlinePtr #cards 4 size 8 Array Of Cards #cards 16 size 48 Howl #buckets 8 coarsen threshold 3686 Howl Bitmap #cards 512 size 80 coarsen threshold 460 Card regions per heap region 1 cards per card region 4096
 CPUs: 20 total, 20 available
 Memory: 16159M
 Large Page Support: Disabled
 NUMA Support: Disabled
 Compressed Oops: Enabled (Zero based)
 Heap Region Size: 2M
 Heap Min Capacity: 8M
 Heap Initial Capacity: 254M
 Heap Max Capacity: 4040M
 Pre-touch: Disabled
 Parallel Workers: 15
 Concurrent Workers: 4
 Concurrent Refinement Workers: 15
 Periodic GC: Disabled

Heap:
 garbage-first heap   total 260096K, used 9952K [0x0000000703800000, 0x0000000800000000)
  region size 2048K, 6 young (12288K), 2 survivors (4096K)
 Metaspace       used 8750K, committed 8960K, reserved 1114112K
  class space    used 1174K, committed 1280K, reserved 1048576K

Heap Regions: E=young(eden), S=young(survivor), O=old, HS=humongous(starts), HC=humongous(continues), CS=collection set, F=free, TAMS=top-at-mark-start, PB=parsable bottom
|   0|0x0000000703800000, 0x0000000703800000, 0x0000000703a00000|  0%| F|  |TAMS 0x0000000703800000| PB 0x0000000703800000| Untracked 
|   1|0x0000000703a00000, 0x0000000703a00000, 0x0000000703c00000|  0%| F|  |TAMS 0x0000000703a00000| PB 0x0000000703a00000| Untracked 
|   2|0x0000000703c00000, 0x0000000703c00000, 0x0000000703e00000|  0%| F|  |TAMS 0x0000000703c00000| PB 0x0000000703c00000| Untracked 
|   3|0x0000000703e00000, 0x0000000703e00000, 0x0000000704000000|  0%| F|  |TAMS 0x0000000703e00000| PB 0x0000000703e00000| Untracked 
|   4|0x0000000704000000, 0x0000000704000000, 0x0000000704200000|  0%| F|  |TAMS 0x0000000704000000| PB 0x0000000704000000| Untracked 
|   5|0x0000000704200000, 0x0000000704200000, 0x0000000704400000|  0%| F|  |TAMS 0x0000000704200000| PB 0x0000000704200000| Untracked 
|   6|0x0000000704400000, 0x0000000704400000, 0x0000000704600000|  0%| F|  |TAMS 0x0000000704400000| PB 0x0000000704400000| Untracked 
|   7|0x0000000704600000, 0x0000000704600000, 0x0000000704800000|  0%| F|  |TAMS 0x0000000704600000| PB 0x0000000704600000| Untracked 
|   8|0x0000000704800000, 0x0000000704800000, 0x0000000704a00000|  0%| F|  |TAMS 0x0000000704800000| PB 0x0000000704800000| Untracked 
|   9|0x0000000704a00000, 0x0000000704a00000, 0x0000000704c00000|  0%| F|  |TAMS 0x0000000704a00000| PB 0x0000000704a00000| Untracked 
|  10|0x0000000704c00000, 0x0000000704c00000, 0x0000000704e00000|  0%| F|  |TAMS 0x0000000704c00000| PB 0x0000000704c00000| Untracked 
|  11|0x0000000704e00000, 0x0000000704e00000, 0x0000000705000000|  0%| F|  |TAMS 0x0000000704e00000| PB 0x0000000704e00000| Untracked 
|  12|0x0000000705000000, 0x0000000705000000, 0x0000000705200000|  0%| F|  |TAMS 0x0000000705000000| PB 0x0000000705000000| Untracked 
|  13|0x0000000705200000, 0x0000000705200000, 0x0000000705400000|  0%| F|  |TAMS 0x0000000705200000| PB 0x0000000705200000| Untracked 
|  14|0x0000000705400000, 0x0000000705400000, 0x0000000705600000|  0%| F|  |TAMS 0x0000000705400000| PB 0x0000000705400000| Untracked 
|  15|0x0000000705600000, 0x0000000705600000, 0x0000000705800000|  0%| F|  |TAMS 0x0000000705600000| PB 0x0000000705600000| Untracked 
|  16|0x0000000705800000, 0x0000000705800000, 0x0000000705a00000|  0%| F|  |TAMS 0x0000000705800000| PB 0x0000000705800000| Untracked 
|  17|0x0000000705a00000, 0x0000000705a00000, 0x0000000705c00000|  0%| F|  |TAMS 0x0000000705a00000| PB 0x0000000705a00000| Untracked 
|  18|0x0000000705c00000, 0x0000000705c00000, 0x0000000705e00000|  0%| F|  |TAMS 0x0000000705c00000| PB 0x0000000705c00000| Untracked 
|  19|0x0000000705e00000, 0x0000000705e00000, 0x0000000706000000|  0%| F|  |TAMS 0x0000000705e00000| PB 0x0000000705e00000| Untracked 
|  20|0x0000000706000000, 0x0000000706000000, 0x0000000706200000|  0%| F|  |TAMS 0x0000000706000000| PB 0x0000000706000000| Untracked 
|  21|0x0000000706200000, 0x0000000706200000, 0x0000000706400000|  0%| F|  |TAMS 0x0000000706200000| PB 0x0000000706200000| Untracked 
|  22|0x0000000706400000, 0x0000000706400000, 0x0000000706600000|  0%| F|  |TAMS 0x0000000706400000| PB 0x0000000706400000| Untracked 
|  23|0x0000000706600000, 0x0000000706600000, 0x0000000706800000|  0%| F|  |TAMS 0x0000000706600000| PB 0x0000000706600000| Untracked 
|  24|0x0000000706800000, 0x0000000706800000, 0x0000000706a00000|  0%| F|  |TAMS 0x0000000706800000| PB 0x0000000706800000| Untracked 
|  25|0x0000000706a00000, 0x0000000706a00000, 0x0000000706c00000|  0%| F|  |TAMS 0x0000000706a00000| PB 0x0000000706a00000| Untracked 
|  26|0x0000000706c00000, 0x0000000706c00000, 0x0000000706e00000|  0%| F|  |TAMS 0x0000000706c00000| PB 0x0000000706c00000| Untracked 
|  27|0x0000000706e00000, 0x0000000706e00000, 0x0000000707000000|  0%| F|  |TAMS 0x0000000706e00000| PB 0x0000000706e00000| Untracked 
|  28|0x0000000707000000, 0x0000000707000000, 0x0000000707200000|  0%| F|  |TAMS 0x0000000707000000| PB 0x0000000707000000| Untracked 
|  29|0x0000000707200000, 0x0000000707200000, 0x0000000707400000|  0%| F|  |TAMS 0x0000000707200000| PB 0x0000000707200000| Untracked 
|  30|0x0000000707400000, 0x0000000707400000, 0x0000000707600000|  0%| F|  |TAMS 0x0000000707400000| PB 0x0000000707400000| Untracked 
|  31|0x0000000707600000, 0x0000000707600000, 0x0000000707800000|  0%| F|  |TAMS 0x0000000707600000| PB 0x0000000707600000| Untracked 
|  32|0x0000000707800000, 0x0000000707800000, 0x0000000707a00000|  0%| F|  |TAMS 0x0000000707800000| PB 0x0000000707800000| Untracked 
|  33|0x0000000707a00000, 0x0000000707a00000, 0x0000000707c00000|  0%| F|  |TAMS 0x0000000707a00000| PB 0x0000000707a00000| Untracked 
|  34|0x0000000707c00000, 0x0000000707c00000, 0x0000000707e00000|  0%| F|  |TAMS 0x0000000707c00000| PB 0x0000000707c00000| Untracked 
|  35|0x0000000707e00000, 0x0000000707e00000, 0x0000000708000000|  0%| F|  |TAMS 0x0000000707e00000| PB 0x0000000707e00000| Untracked 
|  36|0x0000000708000000, 0x0000000708000000, 0x0000000708200000|  0%| F|  |TAMS 0x0000000708000000| PB 0x0000000708000000| Untracked 
|  37|0x0000000708200000, 0x0000000708200000, 0x0000000708400000|  0%| F|  |TAMS 0x0000000708200000| PB 0x0000000708200000| Untracked 
|  38|0x0000000708400000, 0x0000000708400000, 0x0000000708600000|  0%| F|  |TAMS 0x0000000708400000| PB 0x0000000708400000| Untracked 
|  39|0x0000000708600000, 0x0000000708600000, 0x0000000708800000|  0%| F|  |TAMS 0x0000000708600000| PB 0x0000000708600000| Untracked 
|  40|0x0000000708800000, 0x0000000708800000, 0x0000000708a00000|  0%| F|  |TAMS 0x0000000708800000| PB 0x0000000708800000| Untracked 
|  41|0x0000000708a00000, 0x0000000708a00000, 0x0000000708c00000|  0%| F|  |TAMS 0x0000000708a00000| PB 0x0000000708a00000| Untracked 
|  42|0x0000000708c00000, 0x0000000708c00000, 0x0000000708e00000|  0%| F|  |TAMS 0x0000000708c00000| PB 0x0000000708c00000| Untracked 
|  43|0x0000000708e00000, 0x0000000708e00000, 0x0000000709000000|  0%| F|  |TAMS 0x0000000708e00000| PB 0x0000000708e00000| Untracked 
|  44|0x0000000709000000, 0x0000000709000000, 0x0000000709200000|  0%| F|  |TAMS 0x0000000709000000| PB 0x0000000709000000| Untracked 
|  45|0x0000000709200000, 0x0000000709200000, 0x0000000709400000|  0%| F|  |TAMS 0x0000000709200000| PB 0x0000000709200000| Untracked 
|  46|0x0000000709400000, 0x0000000709400000, 0x0000000709600000|  0%| F|  |TAMS 0x0000000709400000| PB 0x0000000709400000| Untracked 
|  47|0x0000000709600000, 0x0000000709600000, 0x0000000709800000|  0%| F|  |TAMS 0x0000000709600000| PB 0x0000000709600000| Untracked 
|  48|0x0000000709800000, 0x0000000709800000, 0x0000000709a00000|  0%| F|  |TAMS 0x0000000709800000| PB 0x0000000709800000| Untracked 
|  49|0x0000000709a00000, 0x0000000709a00000, 0x0000000709c00000|  0%| F|  |TAMS 0x0000000709a00000| PB 0x0000000709a00000| Untracked 
|  50|0x0000000709c00000, 0x0000000709c00000, 0x0000000709e00000|  0%| F|  |TAMS 0x0000000709c00000| PB 0x0000000709c00000| Untracked 
|  51|0x0000000709e00000, 0x0000000709e00000, 0x000000070a000000|  0%| F|  |TAMS 0x0000000709e00000| PB 0x0000000709e00000| Untracked 
|  52|0x000000070a000000, 0x000000070a000000, 0x000000070a200000|  0%| F|  |TAMS 0x000000070a000000| PB 0x000000070a000000| Untracked 
|  53|0x000000070a200000, 0x000000070a200000, 0x000000070a400000|  0%| F|  |TAMS 0x000000070a200000| PB 0x000000070a200000| Untracked 
|  54|0x000000070a400000, 0x000000070a400000, 0x000000070a600000|  0%| F|  |TAMS 0x000000070a400000| PB 0x000000070a400000| Untracked 
|  55|0x000000070a600000, 0x000000070a600000, 0x000000070a800000|  0%| F|  |TAMS 0x000000070a600000| PB 0x000000070a600000| Untracked 
|  56|0x000000070a800000, 0x000000070a800000, 0x000000070aa00000|  0%| F|  |TAMS 0x000000070a800000| PB 0x000000070a800000| Untracked 
|  57|0x000000070aa00000, 0x000000070aa00000, 0x000000070ac00000|  0%| F|  |TAMS 0x000000070aa00000| PB 0x000000070aa00000| Untracked 
|  58|0x000000070ac00000, 0x000000070ac00000, 0x000000070ae00000|  0%| F|  |TAMS 0x000000070ac00000| PB 0x000000070ac00000| Untracked 
|  59|0x000000070ae00000, 0x000000070ae00000, 0x000000070b000000|  0%| F|  |TAMS 0x000000070ae00000| PB 0x000000070ae00000| Untracked 
|  60|0x000000070b000000, 0x000000070b000000, 0x000000070b200000|  0%| F|  |TAMS 0x000000070b000000| PB 0x000000070b000000| Untracked 
|  61|0x000000070b200000, 0x000000070b200000, 0x000000070b400000|  0%| F|  |TAMS 0x000000070b200000| PB 0x000000070b200000| Untracked 
|  62|0x000000070b400000, 0x000000070b400000, 0x000000070b600000|  0%| F|  |TAMS 0x000000070b400000| PB 0x000000070b400000| Untracked 
|  63|0x000000070b600000, 0x000000070b600000, 0x000000070b800000|  0%| F|  |TAMS 0x000000070b600000| PB 0x000000070b600000| Untracked 
|  64|0x000000070b800000, 0x000000070b800000, 0x000000070ba00000|  0%| F|  |TAMS 0x000000070b800000| PB 0x000000070b800000| Untracked 
|  65|0x000000070ba00000, 0x000000070ba00000, 0x000000070bc00000|  0%| F|  |TAMS 0x000000070ba00000| PB 0x000000070ba00000| Untracked 
|  66|0x000000070bc00000, 0x000000070bc00000, 0x000000070be00000|  0%| F|  |TAMS 0x000000070bc00000| PB 0x000000070bc00000| Untracked 
|  67|0x000000070be00000, 0x000000070be00000, 0x000000070c000000|  0%| F|  |TAMS 0x000000070be00000| PB 0x000000070be00000| Untracked 
|  68|0x000000070c000000, 0x000000070c000000, 0x000000070c200000|  0%| F|  |TAMS 0x000000070c000000| PB 0x000000070c000000| Untracked 
|  69|0x000000070c200000, 0x000000070c200000, 0x000000070c400000|  0%| F|  |TAMS 0x000000070c200000| PB 0x000000070c200000| Untracked 
|  70|0x000000070c400000, 0x000000070c400000, 0x000000070c600000|  0%| F|  |TAMS 0x000000070c400000| PB 0x000000070c400000| Untracked 
|  71|0x000000070c600000, 0x000000070c600000, 0x000000070c800000|  0%| F|  |TAMS 0x000000070c600000| PB 0x000000070c600000| Untracked 
|  72|0x000000070c800000, 0x000000070c800000, 0x000000070ca00000|  0%| F|  |TAMS 0x000000070c800000| PB 0x000000070c800000| Untracked 
|  73|0x000000070ca00000, 0x000000070ca00000, 0x000000070cc00000|  0%| F|  |TAMS 0x000000070ca00000| PB 0x000000070ca00000| Untracked 
|  74|0x000000070cc00000, 0x000000070cc00000, 0x000000070ce00000|  0%| F|  |TAMS 0x000000070cc00000| PB 0x000000070cc00000| Untracked 
|  75|0x000000070ce00000, 0x000000070ce00000, 0x000000070d000000|  0%| F|  |TAMS 0x000000070ce00000| PB 0x000000070ce00000| Untracked 
|  76|0x000000070d000000, 0x000000070d000000, 0x000000070d200000|  0%| F|  |TAMS 0x000000070d000000| PB 0x000000070d000000| Untracked 
|  77|0x000000070d200000, 0x000000070d200000, 0x000000070d400000|  0%| F|  |TAMS 0x000000070d200000| PB 0x000000070d200000| Untracked 
|  78|0x000000070d400000, 0x000000070d400000, 0x000000070d600000|  0%| F|  |TAMS 0x000000070d400000| PB 0x000000070d400000| Untracked 
|  79|0x000000070d600000, 0x000000070d600000, 0x000000070d800000|  0%| F|  |TAMS 0x000000070d600000| PB 0x000000070d600000| Untracked 
|  80|0x000000070d800000, 0x000000070d800000, 0x000000070da00000|  0%| F|  |TAMS 0x000000070d800000| PB 0x000000070d800000| Untracked 
|  81|0x000000070da00000, 0x000000070da00000, 0x000000070dc00000|  0%| F|  |TAMS 0x000000070da00000| PB 0x000000070da00000| Untracked 
|  82|0x000000070dc00000, 0x000000070dc00000, 0x000000070de00000|  0%| F|  |TAMS 0x000000070dc00000| PB 0x000000070dc00000| Untracked 
|  83|0x000000070de00000, 0x000000070de00000, 0x000000070e000000|  0%| F|  |TAMS 0x000000070de00000| PB 0x000000070de00000| Untracked 
|  84|0x000000070e000000, 0x000000070e000000, 0x000000070e200000|  0%| F|  |TAMS 0x000000070e000000| PB 0x000000070e000000| Untracked 
|  85|0x000000070e200000, 0x000000070e200000, 0x000000070e400000|  0%| F|  |TAMS 0x000000070e200000| PB 0x000000070e200000| Untracked 
|  86|0x000000070e400000, 0x000000070e400000, 0x000000070e600000|  0%| F|  |TAMS 0x000000070e400000| PB 0x000000070e400000| Untracked 
|  87|0x000000070e600000, 0x000000070e600000, 0x000000070e800000|  0%| F|  |TAMS 0x000000070e600000| PB 0x000000070e600000| Untracked 
|  88|0x000000070e800000, 0x000000070e800000, 0x000000070ea00000|  0%| F|  |TAMS 0x000000070e800000| PB 0x000000070e800000| Untracked 
|  89|0x000000070ea00000, 0x000000070ea00000, 0x000000070ec00000|  0%| F|  |TAMS 0x000000070ea00000| PB 0x000000070ea00000| Untracked 
|  90|0x000000070ec00000, 0x000000070ec00000, 0x000000070ee00000|  0%| F|  |TAMS 0x000000070ec00000| PB 0x000000070ec00000| Untracked 
|  91|0x000000070ee00000, 0x000000070ee00000, 0x000000070f000000|  0%| F|  |TAMS 0x000000070ee00000| PB 0x000000070ee00000| Untracked 
|  92|0x000000070f000000, 0x000000070f000000, 0x000000070f200000|  0%| F|  |TAMS 0x000000070f000000| PB 0x000000070f000000| Untracked 
|  93|0x000000070f200000, 0x000000070f200000, 0x000000070f400000|  0%| F|  |TAMS 0x000000070f200000| PB 0x000000070f200000| Untracked 
|  94|0x000000070f400000, 0x000000070f400000, 0x000000070f600000|  0%| F|  |TAMS 0x000000070f400000| PB 0x000000070f400000| Untracked 
|  95|0x000000070f600000, 0x000000070f600000, 0x000000070f800000|  0%| F|  |TAMS 0x000000070f600000| PB 0x000000070f600000| Untracked 
|  96|0x000000070f800000, 0x000000070f800000, 0x000000070fa00000|  0%| F|  |TAMS 0x000000070f800000| PB 0x000000070f800000| Untracked 
|  97|0x000000070fa00000, 0x000000070fa00000, 0x000000070fc00000|  0%| F|  |TAMS 0x000000070fa00000| PB 0x000000070fa00000| Untracked 
|  98|0x000000070fc00000, 0x000000070fc00000, 0x000000070fe00000|  0%| F|  |TAMS 0x000000070fc00000| PB 0x000000070fc00000| Untracked 
|  99|0x000000070fe00000, 0x000000070fe00000, 0x0000000710000000|  0%| F|  |TAMS 0x000000070fe00000| PB 0x000000070fe00000| Untracked 
| 100|0x0000000710000000, 0x0000000710000000, 0x0000000710200000|  0%| F|  |TAMS 0x0000000710000000| PB 0x0000000710000000| Untracked 
| 101|0x0000000710200000, 0x0000000710200000, 0x0000000710400000|  0%| F|  |TAMS 0x0000000710200000| PB 0x0000000710200000| Untracked 
| 102|0x0000000710400000, 0x0000000710400000, 0x0000000710600000|  0%| F|  |TAMS 0x0000000710400000| PB 0x0000000710400000| Untracked 
| 103|0x0000000710600000, 0x0000000710600000, 0x0000000710800000|  0%| F|  |TAMS 0x0000000710600000| PB 0x0000000710600000| Untracked 
| 104|0x0000000710800000, 0x0000000710800000, 0x0000000710a00000|  0%| F|  |TAMS 0x0000000710800000| PB 0x0000000710800000| Untracked 
| 105|0x0000000710a00000, 0x0000000710a00000, 0x0000000710c00000|  0%| F|  |TAMS 0x0000000710a00000| PB 0x0000000710a00000| Untracked 
| 106|0x0000000710c00000, 0x0000000710c00000, 0x0000000710e00000|  0%| F|  |TAMS 0x0000000710c00000| PB 0x0000000710c00000| Untracked 
| 107|0x0000000710e00000, 0x0000000710e00000, 0x0000000711000000|  0%| F|  |TAMS 0x0000000710e00000| PB 0x0000000710e00000| Untracked 
| 108|0x0000000711000000, 0x0000000711000000, 0x0000000711200000|  0%| F|  |TAMS 0x0000000711000000| PB 0x0000000711000000| Untracked 
| 109|0x0000000711200000, 0x0000000711200000, 0x0000000711400000|  0%| F|  |TAMS 0x0000000711200000| PB 0x0000000711200000| Untracked 
| 110|0x0000000711400000, 0x0000000711400000, 0x0000000711600000|  0%| F|  |TAMS 0x0000000711400000| PB 0x0000000711400000| Untracked 
| 111|0x0000000711600000, 0x0000000711600000, 0x0000000711800000|  0%| F|  |TAMS 0x0000000711600000| PB 0x0000000711600000| Untracked 
| 112|0x0000000711800000, 0x0000000711800000, 0x0000000711a00000|  0%| F|  |TAMS 0x0000000711800000| PB 0x0000000711800000| Untracked 
| 113|0x0000000711a00000, 0x0000000711a00000, 0x0000000711c00000|  0%| F|  |TAMS 0x0000000711a00000| PB 0x0000000711a00000| Untracked 
| 114|0x0000000711c00000, 0x0000000711db8000, 0x0000000711e00000| 85%| S|CS|TAMS 0x0000000711c00000| PB 0x0000000711c00000| Complete 
| 115|0x0000000711e00000, 0x0000000712000000, 0x0000000712000000|100%| S|CS|TAMS 0x0000000711e00000| PB 0x0000000711e00000| Complete 
| 116|0x0000000712000000, 0x0000000712000000, 0x0000000712200000|  0%| F|  |TAMS 0x0000000712000000| PB 0x0000000712000000| Untracked 
| 117|0x0000000712200000, 0x0000000712200000, 0x0000000712400000|  0%| F|  |TAMS 0x0000000712200000| PB 0x0000000712200000| Untracked 
| 118|0x0000000712400000, 0x0000000712400000, 0x0000000712600000|  0%| F|  |TAMS 0x0000000712400000| PB 0x0000000712400000| Untracked 
| 119|0x0000000712600000, 0x0000000712600000, 0x0000000712800000|  0%| F|  |TAMS 0x0000000712600000| PB 0x0000000712600000| Untracked 
| 120|0x0000000712800000, 0x0000000712800000, 0x0000000712a00000|  0%| F|  |TAMS 0x0000000712800000| PB 0x0000000712800000| Untracked 
| 121|0x0000000712a00000, 0x0000000712a00000, 0x0000000712c00000|  0%| F|  |TAMS 0x0000000712a00000| PB 0x0000000712a00000| Untracked 
| 122|0x0000000712c00000, 0x0000000712c00000, 0x0000000712e00000|  0%| F|  |TAMS 0x0000000712c00000| PB 0x0000000712c00000| Untracked 
| 123|0x0000000712e00000, 0x0000000712f8c4b8, 0x0000000713000000| 77%| E|  |TAMS 0x0000000712e00000| PB 0x0000000712e00000| Complete 
| 124|0x0000000713000000, 0x0000000713200000, 0x0000000713200000|100%| E|CS|TAMS 0x0000000713000000| PB 0x0000000713000000| Complete 
| 125|0x0000000713200000, 0x0000000713400000, 0x0000000713400000|100%| E|CS|TAMS 0x0000000713200000| PB 0x0000000713200000| Complete 
| 126|0x0000000713400000, 0x0000000713600000, 0x0000000713600000|100%| E|CS|TAMS 0x0000000713400000| PB 0x0000000713400000| Complete 

Card table byte_map: [0x00000202567d0000,0x0000020256fc0000] _byte_map_base: 0x0000020252fb4000

Marking Bits: (CMBitMap*) 0x000002023ccfde50
 Bits: [0x0000020256fc0000, 0x000002025aee0000)

Polling page: 0x000002023ae70000

Metaspace:

Usage:
  Non-class:      7.41 MB used.
      Class:      1.16 MB used.
       Both:      8.57 MB used.

Virtual space:
  Non-class space:       64.00 MB reserved,       7.50 MB ( 12%) committed,  1 nodes.
      Class space:        1.00 GB reserved,       1.25 MB ( <1%) committed,  1 nodes.
             Both:        1.06 GB reserved,       8.75 MB ( <1%) committed. 

Chunk freelists:
   Non-Class:  7.64 MB
       Class:  14.75 MB
        Both:  22.39 MB

MaxMetaspaceSize: unlimited
CompressedClassSpaceSize: 1.00 GB
Initial GC threshold: 21.00 MB
Current GC threshold: 21.00 MB
CDS: on
 - commit_granule_bytes: 65536.
 - commit_granule_words: 8192.
 - virtual_space_node_default_size: 8388608.
 - enlarge_chunks_in_place: 1.
 - use_allocation_guard: 0.


Internal statistics:

num_allocs_failed_limit: 0.
num_arena_births: 140.
num_arena_deaths: 0.
num_vsnodes_births: 2.
num_vsnodes_deaths: 0.
num_space_committed: 140.
num_space_uncommitted: 0.
num_chunks_returned_to_freelist: 0.
num_chunks_taken_from_freelist: 388.
num_chunk_merges: 0.
num_chunk_splits: 254.
num_chunks_enlarged: 190.
num_inconsistent_stats: 0.

CodeHeap 'non-profiled nmethods': size=117760Kb used=408Kb max_used=408Kb free=117351Kb
 bounds [0x000002024e240000, 0x000002024e4b0000, 0x0000020255540000]
CodeHeap 'profiled nmethods': size=117760Kb used=2924Kb max_used=2924Kb free=114835Kb
 bounds [0x0000020246540000, 0x0000020246820000, 0x000002024d840000]
CodeHeap 'non-nmethods': size=10240Kb used=4324Kb max_used=4796Kb free=5915Kb
 bounds [0x000002024d840000, 0x000002024dcf0000, 0x000002024e240000]
 total_blobs=1928 nmethods=1369 adapters=464
 compilation: enabled
              stopped_count=0, restarted_count=0
 full_count=0

JVMCI Events (20 events):
Event: 1.329 Thread 0x00000202abdcd630 attached to JVMCI runtime 1
Event: 1.329 Thread 0x000002025e1da8d0 compacted oop handles in JVMCI runtime 0 from 119 to 92
Event: 1.331 Thread 0x00000202abdcd630 created JavaVM[5]@0x00000202ad62c7a0 for JVMCI runtime 1
Event: 1.331 Thread 0x00000202abdccf80 created JavaVM[4]@0x00000202a70ac7a0 for JVMCI runtime 2
Event: 1.331 Thread 0x00000202abdcd630 initializing JVMCI runtime 1
Event: 1.331 Thread 0x00000202abdcd630 done waiting for JavaVM references initialization in JVMCI runtime 1
Event: 1.331 Thread 0x00000202abdccf80 initializing JVMCI runtime 2
Event: 1.331 Thread 0x00000202abdccf80 done waiting for JavaVM references initialization in JVMCI runtime 2
Event: 1.331 Thread 0x00000202abdccf80 initialized JVMCI runtime 2
Event: 1.331 Thread 0x00000202abdcd630 initialized JVMCI runtime 1
Event: 1.333 Thread 0x000002025e1da8d0 compacted oop handles in JVMCI runtime 0 from 113 to 102
Event: 1.334 Thread 0x000002025e1da8d0 compacted oop handles in JVMCI runtime 0 from 103 to 102
Event: 1.336 Thread 0x000002025e1da8d0 compacted oop handles in JVMCI runtime 0 from 105 to 102
Event: 1.336 Thread 0x00000202abdcd630 compacted oop handles in JVMCI runtime 1 from 56 to 54
Event: 1.339 Thread 0x000002025e1da8d0 compacted oop handles in JVMCI runtime 0 from 110 to 102
Event: 1.344 Thread 0x000002025e1da8d0 compacted oop handles in JVMCI runtime 0 from 138 to 113
Event: 1.345 Thread 0x00000202abdccf80 compacted oop handles in JVMCI runtime 2 from 67 to 59
Event: 1.348 Thread 0x000002025e1da8d0 compacted oop handles in JVMCI runtime 0 from 120 to 60
Event: 1.349 Thread 0x00000202abdcd630 compacted oop handles in JVMCI runtime 1 from 92 to 79
Event: 1.356 Thread 0x00000202abdccf80 compacted oop handles in JVMCI runtime 2 from 107 to 102

Compilation events (20 events):
Event: 1.370 Thread 0x000002025e4d7f90 1355       3       java.lang.invoke.AbstractValidatingLambdaMetafactory::isAdaptableTo (126 bytes)
Event: 1.370 Thread 0x000002025e560800 nmethod 1354 0x0000020246816110 code [0x0000020246816360, 0x0000020246816db0]
Event: 1.371 Thread 0x000002025e4d7f90 nmethod 1355 0x0000020246817090 code [0x0000020246817340, 0x0000020246817e30]
Event: 1.372 Thread 0x00000202abdccf80 1356       4       java.lang.StringConcatHelper::prepend (37 bytes)
Event: 1.372 Thread 0x000002025e1da8d0 nmethod 1353 0x000002024e2a3810 code [0x000002024e2a39a0, 0x000002024e2a3c90]
Event: 1.374 Thread 0x00000202abdccf80 nmethod 1356 0x000002024e2a3e10 code [0x000002024e2a3fa0, 0x000002024e2a4138]
Event: 1.380 Thread 0x000002025e1da8d0 1357       4       jdk.internal.org.objectweb.asm.Symbol::<init> (38 bytes)
Event: 1.381 Thread 0x000002025e1da8d0 nmethod 1357 0x000002024e2a4290 code [0x000002024e2a4420, 0x000002024e2a4720]
Event: 1.381 Thread 0x000002025e1da8d0 1358       4       jdk.internal.org.objectweb.asm.SymbolTable::put (150 bytes)
Event: 1.383 Thread 0x000002025e1da8d0 nmethod 1358 0x000002024e2a4790 code [0x000002024e2a4920, 0x000002024e2a4c38]
Event: 1.383 Thread 0x000002025e1da8d0 1359       4       java.util.concurrent.ConcurrentHashMap::putIfAbsent (8 bytes)
Event: 1.383 Thread 0x000002025e560800 1362       3       jdk.internal.org.objectweb.asm.MethodWriter::visitTypeInsn (116 bytes)
Event: 1.383 Thread 0x000002025e55dd40 1363       3       jdk.internal.org.objectweb.asm.Frame::push (59 bytes)
Event: 1.383 Thread 0x000002025e560800 nmethod 1362 0x0000020246818190 code [0x0000020246818380, 0x00000202468187a8]
Event: 1.383 Thread 0x000002025e55dd40 nmethod 1363 0x0000020246818990 code [0x0000020246818be0, 0x0000020246819398]
Event: 1.383 Thread 0x000002025e560800 1364       3       jdk.internal.org.objectweb.asm.Type::getDescriptor (93 bytes)
Event: 1.383 Thread 0x000002025e1dcf90 1365       3       jdk.internal.org.objectweb.asm.MethodWriter::visitAbstractType (8 bytes)
Event: 1.384 Thread 0x000002025e1da8d0 nmethod 1359 0x000002024e2a5490 code [0x000002024e2a5620, 0x000002024e2a56c8]
Event: 1.384 Thread 0x000002025e1dcf90 nmethod 1365 0x0000020246819710 code [0x00000202468198c0, 0x0000020246819a00]
Event: 1.384 Thread 0x000002025e560800 nmethod 1364 0x0000020246819b10 code [0x0000020246819d80, 0x000002024681a490]

GC Heap History (2 events):
Event: 1.300 GC heap before
{Heap before GC invocations=0 (full 0):
 garbage-first heap   total 260096K, used 22528K [0x0000000703800000, 0x0000000800000000)
  region size 2048K, 11 young (22528K), 0 survivors (0K)
 Metaspace       used 7016K, committed 7168K, reserved 1114112K
  class space    used 833K, committed 896K, reserved 1048576K
}
Event: 1.302 GC heap after
{Heap after GC invocations=1 (full 0):
 garbage-first heap   total 260096K, used 3808K [0x0000000703800000, 0x0000000800000000)
  region size 2048K, 2 young (4096K), 2 survivors (4096K)
 Metaspace       used 7016K, committed 7168K, reserved 1114112K
  class space    used 833K, committed 896K, reserved 1048576K
}

Dll operation events (20 events):
Event: 0.280 Loaded shared library C:\Users\Serles_Sleck\.openjfx\cache\21.0.2+5\amd64\api-ms-win-crt-locale-l1-1-0.dll
Event: 0.284 Loaded shared library C:\Users\Serles_Sleck\.openjfx\cache\21.0.2+5\amd64\api-ms-win-crt-math-l1-1-0.dll
Event: 0.288 Loaded shared library C:\Users\Serles_Sleck\.openjfx\cache\21.0.2+5\amd64\api-ms-win-crt-multibyte-l1-1-0.dll
Event: 0.291 Loaded shared library C:\Users\Serles_Sleck\.openjfx\cache\21.0.2+5\amd64\api-ms-win-crt-private-l1-1-0.dll
Event: 0.293 Loaded shared library C:\Users\Serles_Sleck\.openjfx\cache\21.0.2+5\amd64\api-ms-win-crt-process-l1-1-0.dll
Event: 0.296 Loaded shared library C:\Users\Serles_Sleck\.openjfx\cache\21.0.2+5\amd64\api-ms-win-crt-runtime-l1-1-0.dll
Event: 0.299 Loaded shared library C:\Users\Serles_Sleck\.openjfx\cache\21.0.2+5\amd64\api-ms-win-crt-stdio-l1-1-0.dll
Event: 0.301 Loaded shared library C:\Users\Serles_Sleck\.openjfx\cache\21.0.2+5\amd64\api-ms-win-crt-string-l1-1-0.dll
Event: 0.304 Loaded shared library C:\Users\Serles_Sleck\.openjfx\cache\21.0.2+5\amd64\api-ms-win-crt-time-l1-1-0.dll
Event: 0.306 Loaded shared library C:\Users\Serles_Sleck\.openjfx\cache\21.0.2+5\amd64\api-ms-win-crt-utility-l1-1-0.dll
Event: 0.318 Loaded shared library C:\Users\Serles_Sleck\.openjfx\cache\21.0.2+5\amd64\ucrtbase.dll
Event: 0.322 Loaded shared library C:\Users\Serles_Sleck\.openjfx\cache\21.0.2+5\amd64\vcruntime140.dll
Event: 0.326 Loaded shared library C:\Users\Serles_Sleck\.openjfx\cache\21.0.2+5\amd64\vcruntime140_1.dll
Event: 0.334 Loaded shared library C:\Users\Serles_Sleck\.openjfx\cache\21.0.2+5\amd64\msvcp140.dll
Event: 0.337 Loaded shared library C:\Users\Serles_Sleck\.openjfx\cache\21.0.2+5\amd64\msvcp140_1.dll
Event: 0.342 Loaded shared library C:\Users\Serles_Sleck\.openjfx\cache\21.0.2+5\amd64\msvcp140_2.dll
Event: 0.376 Loaded shared library C:\Users\Serles_Sleck\.openjfx\cache\21.0.2+5\amd64\prism_d3d.dll
Event: 1.176 Loaded shared library C:\Users\Serles_Sleck\.openjfx\cache\21.0.2+5\amd64\prism_sw.dll
Event: 1.195 Loaded shared library C:\Users\Serles_Sleck\.openjfx\cache\21.0.2+5\amd64\glass.dll
Event: 1.309 Loaded shared library C:\Users\Serles_Sleck\.openjfx\cache\21.0.2+5\amd64\javafx_font.dll

Deoptimization events (20 events):
Event: 1.280 Thread 0x000002025e4cb610 DEOPT PACKING pc=0x000002024e271ae2 sp=0x000000bb400fba40
Event: 1.280 Thread 0x000002025e4cb610 DEOPT UNPACKING pc=0x000002024d894c43 sp=0x000000bb400faee8 mode 3
Event: 1.317 Thread 0x000002025e4cb610 Uncommon trap: trap_request=0xffffffed fr.pc=0x000002024e273520 relative=0x0000000000000100
Event: 1.317 Thread 0x000002025e4cb610 Uncommon trap: reason=null_assert_or_unreached0 action=reinterpret pc=0x000002024e273520 method=java.lang.invoke.VarHandleByteArrayAsInts$ArrayHandle.get(Ljava/lang/invoke/VarHandle;Ljava/lang/Object;I)I @ 0 jvmci
Event: 1.317 Thread 0x000002025e4cb610 DEOPT PACKING pc=0x000002024e273520 sp=0x000000bb400fce20
Event: 1.317 Thread 0x000002025e4cb610 DEOPT UNPACKING pc=0x000002024d894c43 sp=0x000000bb400fc2a0 mode 3
Event: 1.317 Thread 0x000002025e4cb610 Uncommon trap: trap_request=0xffffffed fr.pc=0x000002024e2749fd relative=0x000000000000007d
Event: 1.317 Thread 0x000002025e4cb610 Uncommon trap: reason=null_assert_or_unreached0 action=reinterpret pc=0x000002024e2749fd method=jdk.internal.misc.Unsafe.getIntUnaligned(Ljava/lang/Object;JZ)I @ 0 jvmci
Event: 1.317 Thread 0x000002025e4cb610 DEOPT PACKING pc=0x000002024e2749fd sp=0x000000bb400fcd70
Event: 1.317 Thread 0x000002025e4cb610 DEOPT UNPACKING pc=0x000002024d894c43 sp=0x000000bb400fc218 mode 3
Event: 1.364 Thread 0x000002025e4cb610 Uncommon trap: trap_request=0xffffffe5 fr.pc=0x000002024e27fa94 relative=0x00000000000002f4
Event: 1.364 Thread 0x000002025e4cb610 Uncommon trap: reason=range_check action=reinterpret pc=0x000002024e27fa94 method=java.lang.StringLatin1.indexOf([BI[BII)I @ 0 jvmci
Event: 1.365 Thread 0x000002025e4cb610 DEOPT PACKING pc=0x000002024e27fa94 sp=0x000000bb400fe020
Event: 1.365 Thread 0x000002025e4cb610 DEOPT UNPACKING pc=0x000002024d894c43 sp=0x000000bb400fd490 mode 3
Event: 1.369 Thread 0x000002025e4cb610 DEOPT PACKING pc=0x0000020246814077 sp=0x000000bb400f9770
Event: 1.369 Thread 0x000002025e4cb610 DEOPT UNPACKING pc=0x000002024d894c43 sp=0x000000bb400f8bc0 mode 0
Event: 1.375 Thread 0x000002025e4cb610 DEOPT PACKING pc=0x0000020246814077 sp=0x000000bb400f97d0
Event: 1.375 Thread 0x000002025e4cb610 DEOPT UNPACKING pc=0x000002024d894c43 sp=0x000000bb400f8c20 mode 0
Event: 1.385 Thread 0x000002025e4cb610 DEOPT PACKING pc=0x0000020246814077 sp=0x000000bb400f9820
Event: 1.385 Thread 0x000002025e4cb610 DEOPT UNPACKING pc=0x000002024d894c43 sp=0x000000bb400f8c70 mode 0

Classes loaded (20 events):
Event: 1.352 Loading class java/util/WeakHashMap$KeyIterator
Event: 1.352 Loading class java/util/WeakHashMap$KeyIterator done
Event: 1.352 Loading class java/util/EventListener
Event: 1.352 Loading class java/util/EventListener done
Event: 1.355 Loading class java/lang/CloneNotSupportedException
Event: 1.355 Loading class java/lang/CloneNotSupportedException done
Event: 1.367 Loading class java/time/DateTimeException
Event: 1.367 Loading class java/time/DateTimeException done
Event: 1.369 Loading class java/time/format/FormatStyle
Event: 1.369 Loading class java/time/format/FormatStyle done
Event: 1.380 Loading class java/util/BitSet
Event: 1.380 Loading class java/util/BitSet done
Event: 1.381 Loading class java/util/BitSet$1BitSetSpliterator
Event: 1.381 Loading class java/util/BitSet$1BitSetSpliterator done
Event: 1.381 Loading class java/util/stream/IntPipeline$1
Event: 1.381 Loading class java/util/stream/IntPipeline$1 done
Event: 1.382 Loading class java/util/stream/IntPipeline$1$1
Event: 1.382 Loading class java/util/stream/IntPipeline$1$1 done
Event: 1.382 Loading class java/lang/invoke/MethodHandle$1
Event: 1.382 Loading class java/lang/invoke/MethodHandle$1 done

Classes unloaded (0 events):
No events

Classes redefined (0 events):
No events

Internal exceptions (19 events):
Event: 0.064 Thread 0x000002023a8b2fc0 Exception <a 'java/lang/NoSuchMethodError'{0x000000071314e310}: 'void java.lang.invoke.DirectMethodHandle$Holder.invokeStatic(java.lang.Object, java.lang.Object, java.lang.Object)'> (0x000000071314e310) 
thrown [s\src\hotspot\share\interpreter\linkResolver.cpp, line 773]
Event: 0.067 Thread 0x000002023a8b2fc0 Exception <a 'java/lang/NoSuchMethodError'{0x0000000713165818}: 'java.lang.Object java.lang.invoke.Invokers$Holder.invokeExact_MT(java.lang.Object, java.lang.Object, java.lang.Object, java.lang.Object, java.lang.Object)'> (0x0000000713165818) 
thrown [s\src\hotspot\share\interpreter\linkResolver.cpp, line 773]
Event: 0.077 Thread 0x000002025e4ca260 Exception <a 'java/lang/NoSuchMethodError'{0x0000000712e08508}: 'void java.lang.invoke.DirectMethodHandle$Holder.invokeStatic(java.lang.Object, java.lang.Object)'> (0x0000000712e08508) 
thrown [s\src\hotspot\share\interpreter\linkResolver.cpp, line 773]
Event: 0.078 Thread 0x000002025e1da8d0 Exception <a 'java/lang/NoSuchMethodError'{0x0000000712f3c1c0}: 'java.lang.Object java.lang.invoke.Invokers$Holder.invokeExact_MT(java.lang.Object, java.lang.Object, java.lang.Object, java.lang.Object, java.lang.Object, java.lang.Object)'> (0x0000000712f3c1c0) 
thrown [s\src\hotspot\share\interpreter\linkResolver.cpp, line 773]
Event: 0.081 Thread 0x000002023a8b2fc0 Exception <a 'java/lang/NoSuchMethodError'{0x0000000712fd35a8}: 'java.lang.Object java.lang.invoke.DirectMethodHandle$Holder.newInvokeSpecial(java.lang.Object, java.lang.Object, java.lang.Object, java.lang.Object, java.lang.Object)'> (0x0000000712fd35a8) 
thrown [s\src\hotspot\share\interpreter\linkResolver.cpp, line 773]
Event: 0.114 Thread 0x000002025e4cc9c0 Exception <a 'java/lang/NoSuchMethodError'{0x0000000712c950d0}: 'void java.lang.invoke.DirectMethodHandle$Holder.invokeSpecial(java.lang.Object, java.lang.Object, java.lang.Object)'> (0x0000000712c950d0) 
thrown [s\src\hotspot\share\interpreter\linkResolver.cpp, line 773]
Event: 0.119 Thread 0x000002025e4cc9c0 Exception <a 'java/lang/ClassNotFoundException'{0x0000000712cc7610}: sun/util/logging/resources/spi/loggingProvider> (0x0000000712cc7610) 
thrown [s\src\hotspot\share\classfile\systemDictionary.cpp, line 312]
Event: 1.087 Thread 0x000002025e4ca8f0 Exception <a 'sun/nio/fs/WindowsException'{0x0000000712726e28}> (0x0000000712726e28) 
thrown [s\src\hotspot\share\prims\jni.cpp, line 520]
Event: 1.179 Thread 0x000002025e4cc9c0 Exception <a 'java/lang/NoSuchMethodError'{0x00000007126d1970}: 'int java.lang.invoke.DirectMethodHandle$Holder.invokeStaticInit(java.lang.Object, java.lang.Object, java.lang.Object)'> (0x00000007126d1970) 
thrown [s\src\hotspot\share\interpreter\linkResolver.cpp, line 773]
Event: 1.197 Thread 0x000002025e4cc9c0 Exception <a 'java/lang/NoSuchMethodError'{0x00000007127ddce8}: 'java.lang.Object java.lang.invoke.DirectMethodHandle$Holder.newInvokeSpecial(java.lang.Object, java.lang.Object, int, java.lang.Object)'> (0x00000007127ddce8) 
thrown [s\src\hotspot\share\interpreter\linkResolver.cpp, line 773]
Event: 1.197 Thread 0x000002025e4cc9c0 Exception <a 'java/lang/NoSuchMethodError'{0x00000007127e1b90}: 'java.lang.Object java.lang.invoke.DirectMethodHandle$Holder.invokeSpecial(java.lang.Object, java.lang.Object, java.lang.Object, int, java.lang.Object)'> (0x00000007127e1b90) 
thrown [s\src\hotspot\share\interpreter\linkResolver.cpp, line 773]
Event: 1.219 Thread 0x000002025e4cb610 Exception <a 'java/lang/NoSuchMethodError'{0x000000071245f118}: 'void java.lang.invoke.DirectMethodHandle$Holder.invokeStaticInit(java.lang.Object)'> (0x000000071245f118) 
thrown [s\src\hotspot\share\interpreter\linkResolver.cpp, line 773]
Event: 1.221 Thread 0x000002025e4cc9c0 Exception <a 'java/lang/NoSuchMethodError'{0x00000007127f0178}: 'void java.lang.invoke.DirectMethodHandle$Holder.invokeStatic(java.lang.Object, java.lang.Object, java.lang.Object, java.lang.Object)'> (0x00000007127f0178) 
thrown [s\src\hotspot\share\interpreter\linkResolver.cpp, line 773]
Event: 1.275 Thread 0x000002025e4cb610 Exception <a 'java/lang/NoSuchMethodError'{0x00000007120b86e8}: 'java.lang.Object java.lang.invoke.DirectMethodHandle$Holder.invokeStaticInit(java.lang.Object, java.lang.Object, java.lang.Object, java.lang.Object)'> (0x00000007120b86e8) 
thrown [s\src\hotspot\share\interpreter\linkResolver.cpp, line 773]
Event: 1.276 Thread 0x000002025e4cb610 Exception <a 'java/lang/NullPointerException'{0x00000007120c1bc8}> (0x00000007120c1bc8) 
thrown [s\src\hotspot\share\interpreter\linkResolver.cpp, line 1372]
Event: 1.283 Thread 0x000002025e4cb610 Exception <a 'java/lang/NoSuchMethodError'{0x0000000712100cb0}: 'java.lang.Object java.lang.invoke.DirectMethodHandle$Holder.invokeInterface(java.lang.Object, java.lang.Object)'> (0x0000000712100cb0) 
thrown [s\src\hotspot\share\interpreter\linkResolver.cpp, line 773]
Event: 1.352 Thread 0x000002025e4cb610 Exception <a 'java/lang/NoSuchMethodError'{0x0000000713161d30}: 'void java.lang.invoke.DirectMethodHandle$Holder.invokeStaticInit(java.lang.Object, java.lang.Object)'> (0x0000000713161d30) 
thrown [s\src\hotspot\share\interpreter\linkResolver.cpp, line 773]
Event: 1.363 Thread 0x000002025e4cb610 Exception <a 'java/lang/NoSuchMethodError'{0x00000007131d7608}: 'void java.lang.invoke.DirectMethodHandle$Holder.invokeSpecial(java.lang.Object, java.lang.Object, java.lang.Object, java.lang.Object, java.lang.Object)'> (0x00000007131d7608) 
thrown [s\src\hotspot\share\interpreter\linkResolver.cpp, line 773]
Event: 1.383 Thread 0x000002025e4cb610 Exception <a 'java/lang/NoSuchMethodError'{0x0000000712ee4cd0}: 'java.lang.Object java.lang.invoke.DirectMethodHandle$Holder.newInvokeSpecial(java.lang.Object, java.lang.Object, java.lang.Object, java.lang.Object, java.lang.Object, java.lang.Object, java.lang.Object)'> (0x0000000712ee4cd0) 
thrown [s\src\hotspot\share\interpreter\linkResolver.cpp, line 773]

ZGC Phase Switch (0 events):
No events

VM Operations (16 events):
Event: 0.041 Executing VM operation: HandshakeAllThreads (Deoptimize)
Event: 0.041 Executing VM operation: HandshakeAllThreads (Deoptimize) done
Event: 0.069 Executing VM operation: HandshakeAllThreads (Deoptimize)
Event: 0.069 Executing VM operation: HandshakeAllThreads (Deoptimize) done
Event: 0.081 Executing VM operation: HandshakeAllThreads (Deoptimize)
Event: 0.081 Executing VM operation: HandshakeAllThreads (Deoptimize) done
Event: 0.140 Executing VM operation: HandshakeAllThreads (Deoptimize)
Event: 0.140 Executing VM operation: HandshakeAllThreads (Deoptimize) done
Event: 0.151 Executing VM operation: HandshakeAllThreads (Deoptimize)
Event: 0.151 Executing VM operation: HandshakeAllThreads (Deoptimize) done
Event: 1.157 Executing VM operation: Cleanup
Event: 1.158 Executing VM operation: Cleanup done
Event: 1.188 Executing VM operation: HandshakeAllThreads (Deoptimize)
Event: 1.188 Executing VM operation: HandshakeAllThreads (Deoptimize) done
Event: 1.300 Executing VM operation: G1CollectForAllocation (G1 Evacuation Pause)
Event: 1.302 Executing VM operation: G1CollectForAllocation (G1 Evacuation Pause) done

Events (20 events):
Event: 0.037 Thread 0x000002025e4c9bd0 Thread added: 0x000002025e4c9bd0
Event: 0.041 Thread 0x000002025e4d6c20 Thread added: 0x000002025e4d6c20
Event: 0.042 Thread 0x000002025e4d7f90 Thread added: 0x000002025e4d7f90
Event: 0.059 Thread 0x000002025e55dd40 Thread added: 0x000002025e55dd40
Event: 0.059 Thread 0x000002025e560800 Thread added: 0x000002025e560800
Event: 0.059 Thread 0x000002025e5616c0 Thread added: 0x000002025e5616c0
Event: 0.069 Thread 0x000002025e4ca260 Thread added: 0x000002025e4ca260
Event: 0.069 Thread 0x000002025e4c9540 Thread added: 0x000002025e4c9540
Event: 0.082 Thread 0x000002025e4cc9c0 Thread added: 0x000002025e4cc9c0
Event: 0.088 Thread 0x000002025e66aaf0 Thread added: 0x000002025e66aaf0
Event: 0.088 Thread 0x000002025e6b32f0 Thread added: 0x000002025e6b32f0
Event: 0.368 Thread 0x000002025e4ca8f0 Thread added: 0x000002025e4ca8f0
Event: 0.913 Thread 0x000002025e5616c0 Thread exited: 0x000002025e5616c0
Event: 0.915 Thread 0x000002025e66aaf0 Thread exited: 0x000002025e66aaf0
Event: 0.915 Thread 0x000002025e6b32f0 Thread exited: 0x000002025e6b32f0
Event: 1.196 Thread 0x000002025e4caf80 Thread added: 0x000002025e4caf80
Event: 1.198 Thread 0x000002025e4cb610 Thread added: 0x000002025e4cb610
Event: 1.240 Thread 0x000002025e4cbca0 Thread added: 0x000002025e4cbca0
Event: 1.329 Thread 0x00000202abdccf80 Thread added: 0x00000202abdccf80
Event: 1.329 Thread 0x00000202abdcd630 Thread added: 0x00000202abdcd630


Dynamic libraries:
0x00007ff6dc200000 - 0x00007ff6dc20e000 	C:\Users\Serles_Sleck\.jdks\graalvm-ce-21.0.2\bin\java.exe
0x00007ffd59b20000 - 0x00007ffd59d87000 	C:\WINDOWS\SYSTEM32\ntdll.dll
0x00007ffd588a0000 - 0x00007ffd5896b000 	C:\WINDOWS\System32\KERNEL32.DLL
0x00007ffd57120000 - 0x00007ffd57522000 	C:\WINDOWS\System32\KERNELBASE.dll
0x00007ffd56d20000 - 0x00007ffd56e6c000 	C:\WINDOWS\System32\ucrtbase.dll
0x00007ffcec2a0000 - 0x00007ffcec2b8000 	C:\Users\Serles_Sleck\.jdks\graalvm-ce-21.0.2\bin\jli.dll
0x00007ffcdde40000 - 0x00007ffcdde5b000 	C:\Users\Serles_Sleck\.jdks\graalvm-ce-21.0.2\bin\VCRUNTIME140.dll
0x00007ffd58a80000 - 0x00007ffd58c4f000 	C:\WINDOWS\System32\USER32.dll
0x00007ffd570f0000 - 0x00007ffd57117000 	C:\WINDOWS\System32\win32u.dll
0x00007ffd3bb20000 - 0x00007ffd3bdb0000 	C:\WINDOWS\WinSxS\amd64_microsoft.windows.common-controls_6595b64144ccf1df_6.0.26100.9278_none_3e0d1ba8e3303201\COMCTL32.dll
0x00007ffd59780000 - 0x00007ffd597ab000 	C:\WINDOWS\System32\GDI32.dll
0x00007ffd59a30000 - 0x00007ffd59ad9000 	C:\WINDOWS\System32\msvcrt.dll
0x00007ffd56e80000 - 0x00007ffd56fa9000 	C:\WINDOWS\System32\gdi32full.dll
0x00007ffd56fb0000 - 0x00007ffd57053000 	C:\WINDOWS\System32\msvcp_win.dll
0x00007ffd57900000 - 0x00007ffd57931000 	C:\WINDOWS\System32\IMM32.DLL
0x00007ffd24db0000 - 0x00007ffd24dbc000 	C:\Users\Serles_Sleck\.jdks\graalvm-ce-21.0.2\bin\vcruntime140_1.dll
0x00007ffcbe4a0000 - 0x00007ffcbe52e000 	C:\Users\Serles_Sleck\.jdks\graalvm-ce-21.0.2\bin\msvcp140.dll
0x00007ffc7cdb0000 - 0x00007ffc7dad0000 	C:\Users\Serles_Sleck\.jdks\graalvm-ce-21.0.2\bin\server\jvm.dll
0x00007ffd58c60000 - 0x00007ffd58d1c000 	C:\WINDOWS\System32\ADVAPI32.dll
0x00007ffd587f0000 - 0x00007ffd58899000 	C:\WINDOWS\System32\sechost.dll
0x00007ffd58e10000 - 0x00007ffd58f28000 	C:\WINDOWS\System32\RPCRT4.dll
0x00007ffd597b0000 - 0x00007ffd59830000 	C:\WINDOWS\System32\WS2_32.dll
0x00007ffd50d00000 - 0x00007ffd50d36000 	C:\WINDOWS\SYSTEM32\WINMM.dll
0x00007ffd4b7e0000 - 0x00007ffd4b7eb000 	C:\WINDOWS\SYSTEM32\VERSION.dll
0x00007ffd56b80000 - 0x00007ffd56bde000 	C:\WINDOWS\SYSTEM32\POWRPROF.dll
0x00007ffd56b60000 - 0x00007ffd56b75000 	C:\WINDOWS\SYSTEM32\UMPDC.dll
0x00007ffd55910000 - 0x00007ffd5592b000 	C:\WINDOWS\SYSTEM32\kernel.appcore.dll
0x00007ffd24d50000 - 0x00007ffd24d5a000 	C:\Users\Serles_Sleck\.jdks\graalvm-ce-21.0.2\bin\jimage.dll
0x00007ffd54100000 - 0x00007ffd5434c000 	C:\WINDOWS\SYSTEM32\DBGHELP.DLL
0x00007ffd57ec0000 - 0x00007ffd58245000 	C:\WINDOWS\System32\combase.dll
0x00007ffd58d30000 - 0x00007ffd58e09000 	C:\WINDOWS\System32\OLEAUT32.dll
0x00007ffd376a0000 - 0x00007ffd376db000 	C:\WINDOWS\SYSTEM32\dbgcore.DLL
0x00007ffd576c0000 - 0x00007ffd5776c000 	C:\WINDOWS\System32\bcryptPrimitives.dll
0x00007ffd4ecb0000 - 0x00007ffd4ecbf000 	C:\Users\Serles_Sleck\.jdks\graalvm-ce-21.0.2\bin\instrument.dll
0x00007ffcdcfb0000 - 0x00007ffcdcfcf000 	C:\Users\Serles_Sleck\.jdks\graalvm-ce-21.0.2\bin\java.dll
0x00007ffd58fc0000 - 0x00007ffd59758000 	C:\WINDOWS\System32\SHELL32.dll
0x00007ffd54760000 - 0x00007ffd5500e000 	C:\WINDOWS\SYSTEM32\windows.storage.dll
0x00007ffd584a0000 - 0x00007ffd5859b000 	C:\WINDOWS\System32\SHCORE.dll
0x00007ffd57e50000 - 0x00007ffd57eb6000 	C:\WINDOWS\System32\shlwapi.dll
0x00007ffd56c40000 - 0x00007ffd56c69000 	C:\WINDOWS\SYSTEM32\profapi.dll
0x00007ffca6ef0000 - 0x00007ffca6fc7000 	C:\Users\Serles_Sleck\.jdks\graalvm-ce-21.0.2\bin\jsvml.dll
0x00007ffcdba60000 - 0x00007ffcdba78000 	C:\Users\Serles_Sleck\.jdks\graalvm-ce-21.0.2\bin\zip.dll
0x00007ffc76e60000 - 0x00007ffc79473000 	C:\Users\Serles_Sleck\.jdks\graalvm-ce-21.0.2\bin\jvmcicompiler.dll
0x00007ffd59770000 - 0x00007ffd59778000 	C:\WINDOWS\System32\PSAPI.DLL
0x00007ffd57530000 - 0x00007ffd576ae000 	C:\WINDOWS\System32\CRYPT32.dll
0x00007ffd56000000 - 0x00007ffd56034000 	C:\WINDOWS\SYSTEM32\USERENV.dll
0x00007ffd564e0000 - 0x00007ffd56510000 	C:\WINDOWS\SYSTEM32\ncrypt.dll
0x00007ffd55f50000 - 0x00007ffd55fbc000 	C:\WINDOWS\SYSTEM32\MSWSOCK.dll
0x00007ffd55360000 - 0x00007ffd55393000 	C:\WINDOWS\SYSTEM32\IPHLPAPI.DLL
0x00007ffd56490000 - 0x00007ffd564cf000 	C:\WINDOWS\SYSTEM32\NTASN1.dll
0x00007ffd24330000 - 0x00007ffd24340000 	C:\Users\Serles_Sleck\.jdks\graalvm-ce-21.0.2\bin\net.dll
0x00007ffd4ef30000 - 0x00007ffd4f05a000 	C:\WINDOWS\SYSTEM32\WINHTTP.dll
0x00007ffcdba80000 - 0x00007ffcdba96000 	C:\Users\Serles_Sleck\.jdks\graalvm-ce-21.0.2\bin\nio.dll
0x00007ffd24040000 - 0x00007ffd24049000 	C:\Users\Serles_Sleck\.jdks\graalvm-ce-21.0.2\bin\extnet.dll
0x000002023cba0000 - 0x000002023cba3000 	C:\Users\Serles_Sleck\.openjfx\cache\21.0.2+5\amd64\api-ms-win-core-console-l1-1-0.dll
0x000002023cbb0000 - 0x000002023cbb3000 	C:\Users\Serles_Sleck\.openjfx\cache\21.0.2+5\amd64\api-ms-win-core-console-l1-2-0.dll
0x000002023cbc0000 - 0x000002023cbc3000 	C:\Users\Serles_Sleck\.openjfx\cache\21.0.2+5\amd64\api-ms-win-core-datetime-l1-1-0.dll
0x000002023cbd0000 - 0x000002023cbd3000 	C:\Users\Serles_Sleck\.openjfx\cache\21.0.2+5\amd64\api-ms-win-core-debug-l1-1-0.dll
0x000002023cbe0000 - 0x000002023cbe3000 	C:\Users\Serles_Sleck\.openjfx\cache\21.0.2+5\amd64\api-ms-win-core-errorhandling-l1-1-0.dll
0x000002023cbf0000 - 0x000002023cbf4000 	C:\Users\Serles_Sleck\.openjfx\cache\21.0.2+5\amd64\api-ms-win-core-file-l1-1-0.dll
0x000002023cc00000 - 0x000002023cc03000 	C:\Users\Serles_Sleck\.openjfx\cache\21.0.2+5\amd64\api-ms-win-core-file-l1-2-0.dll
0x000002023cc10000 - 0x000002023cc13000 	C:\Users\Serles_Sleck\.openjfx\cache\21.0.2+5\amd64\api-ms-win-core-file-l2-1-0.dll
0x000002023cc20000 - 0x000002023cc23000 	C:\Users\Serles_Sleck\.openjfx\cache\21.0.2+5\amd64\api-ms-win-core-handle-l1-1-0.dll
0x000002023cc30000 - 0x000002023cc33000 	C:\Users\Serles_Sleck\.openjfx\cache\21.0.2+5\amd64\api-ms-win-core-heap-l1-1-0.dll
0x000002023cc40000 - 0x000002023cc43000 	C:\Users\Serles_Sleck\.openjfx\cache\21.0.2+5\amd64\api-ms-win-core-interlocked-l1-1-0.dll
0x000002023cc50000 - 0x000002023cc53000 	C:\Users\Serles_Sleck\.openjfx\cache\21.0.2+5\amd64\api-ms-win-core-libraryloader-l1-1-0.dll
0x000002025e710000 - 0x000002025e713000 	C:\Users\Serles_Sleck\.openjfx\cache\21.0.2+5\amd64\api-ms-win-core-localization-l1-2-0.dll
0x000002025e720000 - 0x000002025e723000 	C:\Users\Serles_Sleck\.openjfx\cache\21.0.2+5\amd64\api-ms-win-core-memory-l1-1-0.dll
0x000002025e730000 - 0x000002025e733000 	C:\Users\Serles_Sleck\.openjfx\cache\21.0.2+5\amd64\api-ms-win-core-namedpipe-l1-1-0.dll
0x000002025e740000 - 0x000002025e743000 	C:\Users\Serles_Sleck\.openjfx\cache\21.0.2+5\amd64\api-ms-win-core-processenvironment-l1-1-0.dll
0x000002025e750000 - 0x000002025e753000 	C:\Users\Serles_Sleck\.openjfx\cache\21.0.2+5\amd64\api-ms-win-core-processthreads-l1-1-0.dll
0x000002025e760000 - 0x000002025e763000 	C:\Users\Serles_Sleck\.openjfx\cache\21.0.2+5\amd64\api-ms-win-core-processthreads-l1-1-1.dll
0x000002025e770000 - 0x000002025e773000 	C:\Users\Serles_Sleck\.openjfx\cache\21.0.2+5\amd64\api-ms-win-core-profile-l1-1-0.dll
0x00000202a5360000 - 0x00000202a5363000 	C:\Users\Serles_Sleck\.openjfx\cache\21.0.2+5\amd64\api-ms-win-core-rtlsupport-l1-1-0.dll
0x00000202a5370000 - 0x00000202a5373000 	C:\Users\Serles_Sleck\.openjfx\cache\21.0.2+5\amd64\api-ms-win-core-string-l1-1-0.dll
0x00000202a66e0000 - 0x00000202a66e3000 	C:\Users\Serles_Sleck\.openjfx\cache\21.0.2+5\amd64\api-ms-win-core-synch-l1-1-0.dll
0x00000202a66f0000 - 0x00000202a66f3000 	C:\Users\Serles_Sleck\.openjfx\cache\21.0.2+5\amd64\api-ms-win-core-synch-l1-2-0.dll
0x00000202a7a60000 - 0x00000202a7a63000 	C:\Users\Serles_Sleck\.openjfx\cache\21.0.2+5\amd64\api-ms-win-core-sysinfo-l1-1-0.dll
0x00000202a7a70000 - 0x00000202a7a73000 	C:\Users\Serles_Sleck\.openjfx\cache\21.0.2+5\amd64\api-ms-win-core-timezone-l1-1-0.dll
0x00000202ab180000 - 0x00000202ab183000 	C:\Users\Serles_Sleck\.openjfx\cache\21.0.2+5\amd64\api-ms-win-core-util-l1-1-0.dll
0x00000202ab190000 - 0x00000202ab193000 	C:\Users\Serles_Sleck\.openjfx\cache\21.0.2+5\amd64\api-ms-win-crt-conio-l1-1-0.dll
0x00000202ab1a0000 - 0x00000202ab1a4000 	C:\Users\Serles_Sleck\.openjfx\cache\21.0.2+5\amd64\api-ms-win-crt-convert-l1-1-0.dll
0x00000202ab1b0000 - 0x00000202ab1b3000 	C:\Users\Serles_Sleck\.openjfx\cache\21.0.2+5\amd64\api-ms-win-crt-environment-l1-1-0.dll
0x00000202ab1c0000 - 0x00000202ab1c3000 	C:\Users\Serles_Sleck\.openjfx\cache\21.0.2+5\amd64\api-ms-win-crt-filesystem-l1-1-0.dll
0x00000202ab1d0000 - 0x00000202ab1d3000 	C:\Users\Serles_Sleck\.openjfx\cache\21.0.2+5\amd64\api-ms-win-crt-heap-l1-1-0.dll
0x00000202ab1e0000 - 0x00000202ab1e3000 	C:\Users\Serles_Sleck\.openjfx\cache\21.0.2+5\amd64\api-ms-win-crt-locale-l1-1-0.dll
0x00000202ab1f0000 - 0x00000202ab1f5000 	C:\Users\Serles_Sleck\.openjfx\cache\21.0.2+5\amd64\api-ms-win-crt-math-l1-1-0.dll
0x00000202ab380000 - 0x00000202ab385000 	C:\Users\Serles_Sleck\.openjfx\cache\21.0.2+5\amd64\api-ms-win-crt-multibyte-l1-1-0.dll
0x00000202ab390000 - 0x00000202ab3a0000 	C:\Users\Serles_Sleck\.openjfx\cache\21.0.2+5\amd64\api-ms-win-crt-private-l1-1-0.dll
0x00000202ab3a0000 - 0x00000202ab3a3000 	C:\Users\Serles_Sleck\.openjfx\cache\21.0.2+5\amd64\api-ms-win-crt-process-l1-1-0.dll
0x00000202ab3b0000 - 0x00000202ab3b4000 	C:\Users\Serles_Sleck\.openjfx\cache\21.0.2+5\amd64\api-ms-win-crt-runtime-l1-1-0.dll
0x00000202ab3c0000 - 0x00000202ab3c4000 	C:\Users\Serles_Sleck\.openjfx\cache\21.0.2+5\amd64\api-ms-win-crt-stdio-l1-1-0.dll
0x00000202ab3d0000 - 0x00000202ab3d4000 	C:\Users\Serles_Sleck\.openjfx\cache\21.0.2+5\amd64\api-ms-win-crt-string-l1-1-0.dll
0x00000202ab3e0000 - 0x00000202ab3e3000 	C:\Users\Serles_Sleck\.openjfx\cache\21.0.2+5\amd64\api-ms-win-crt-time-l1-1-0.dll
0x00000202ab3f0000 - 0x00000202ab3f3000 	C:\Users\Serles_Sleck\.openjfx\cache\21.0.2+5\amd64\api-ms-win-crt-utility-l1-1-0.dll
0x00007ffcbe5f0000 - 0x00007ffcbe6ec000 	C:\Users\Serles_Sleck\.openjfx\cache\21.0.2+5\amd64\ucrtbase.dll
0x00007ffd3c1a0000 - 0x00007ffd3c1bb000 	C:\Users\Serles_Sleck\.openjfx\cache\21.0.2+5\amd64\vcruntime140.dll
0x00007ffd37660000 - 0x00007ffd3766c000 	C:\Users\Serles_Sleck\.openjfx\cache\21.0.2+5\amd64\vcruntime140_1.dll
0x00007ffce9850000 - 0x00007ffce98de000 	C:\Users\Serles_Sleck\.openjfx\cache\21.0.2+5\amd64\msvcp140.dll
0x00007ffd37650000 - 0x00007ffd37659000 	C:\Users\Serles_Sleck\.openjfx\cache\21.0.2+5\amd64\msvcp140_1.dll
0x00007ffd053e0000 - 0x00007ffd05421000 	C:\Users\Serles_Sleck\.openjfx\cache\21.0.2+5\amd64\msvcp140_2.dll
0x00007ffd2eb50000 - 0x00007ffd2eb80000 	C:\Users\Serles_Sleck\.openjfx\cache\21.0.2+5\amd64\prism_d3d.dll
0x00007ffd271c0000 - 0x00007ffd27372000 	C:\WINDOWS\system32\d3d9.dll
0x00007ffd53b90000 - 0x00007ffd53bbf000 	C:\WINDOWS\SYSTEM32\dwmapi.dll
0x00007ffd539c0000 - 0x00007ffd53a04000 	C:\WINDOWS\SYSTEM32\dxcore.dll
0x00007ffd538c0000 - 0x00007ffd53968000 	C:\WINDOWS\system32\uxtheme.dll
0x00007ffd563e0000 - 0x00007ffd563f3000 	C:\WINDOWS\SYSTEM32\msasn1.dll
0x00007ffd4b7a0000 - 0x00007ffd4b7db000 	C:\WINDOWS\SYSTEM32\cryptnet.dll
0x00007ffd561b0000 - 0x00007ffd561bc000 	C:\WINDOWS\SYSTEM32\cryptbase.dll
0x00007ffd57060000 - 0x00007ffd570e2000 	C:\WINDOWS\System32\wintrust.dll
0x00007ffd599a0000 - 0x00007ffd599c0000 	C:\WINDOWS\System32\imagehlp.dll
0x00007ffd56370000 - 0x00007ffd5638b000 	C:\WINDOWS\SYSTEM32\CRYPTSP.dll
0x00007ffd55930000 - 0x00007ffd55969000 	C:\WINDOWS\system32\rsaenh.dll
0x00007ffd56c10000 - 0x00007ffd56c3a000 	C:\WINDOWS\SYSTEM32\bcrypt.dll
0x00007ffd4f4c0000 - 0x00007ffd4f51e000 	C:\WINDOWS\SYSTEM32\directxdatabasehelper.dll
0x00007ffd25360000 - 0x00007ffd25373000 	C:\Users\Serles_Sleck\.openjfx\cache\21.0.2+5\amd64\prism_sw.dll
0x00007ffd033a0000 - 0x00007ffd033e2000 	C:\Users\Serles_Sleck\.openjfx\cache\21.0.2+5\amd64\glass.dll
0x00007ffd58970000 - 0x00007ffd58a65000 	C:\WINDOWS\System32\COMDLG32.dll
0x00007ffd58650000 - 0x00007ffd587ea000 	C:\WINDOWS\System32\ole32.dll
0x00007ffd59840000 - 0x00007ffd5999b000 	C:\WINDOWS\System32\MSCTF.dll
0x00007ffd169f0000 - 0x00007ffd16a04000 	C:\Users\Serles_Sleck\.openjfx\cache\21.0.2+5\amd64\javafx_font.dll

dbghelp: loaded successfully - version: 4.0.5 - missing functions: none
symbol engine: initialized successfully - sym options: 0x614 - pdb path: .;C:\Users\Serles_Sleck\.jdks\graalvm-ce-21.0.2\bin;C:\WINDOWS\SYSTEM32;C:\WINDOWS\WinSxS\amd64_microsoft.windows.common-controls_6595b64144ccf1df_6.0.26100.9278_none_3e0d1ba8e3303201;C:\Users\Serles_Sleck\.jdks\graalvm-ce-21.0.2\bin\server;C:\Users\Serles_Sleck\.openjfx\cache\21.0.2+5\amd64

VM Arguments:
jvm_args: -XX:ThreadPriorityPolicy=1 -XX:+UnlockExperimentalVMOptions -XX:+EnableJVMCIProduct -XX:-UnlockExperimentalVMOptions -javaagent:C:\Program Files\JetBrains\IntelliJ IDEA 2026.1.1\lib\idea_rt.jar=59098 -Dfile.encoding=UTF-8 -Dsun.stdout.encoding=UTF-8 -Dsun.stderr.encoding=UTF-8 
java_command: pe.edu.upeu.padronmatrimonios.App
java_class_path (initial): D:\Programacion_orientada_a_objetos\padron-matrimonios\padron-matrimonios\target\classes;C:\Users\Serles_Sleck\.m2\repository\org\openjfx\javafx-controls\21.0.2\javafx-controls-21.0.2.jar;C:\Users\Serles_Sleck\.m2\repository\org\openjfx\javafx-controls\21.0.2\javafx-controls-21.0.2-win.jar;C:\Users\Serles_Sleck\.m2\repository\org\openjfx\javafx-graphics\21.0.2\javafx-graphics-21.0.2.jar;C:\Users\Serles_Sleck\.m2\repository\org\openjfx\javafx-graphics\21.0.2\javafx-graphics-21.0.2-win.jar;C:\Users\Serles_Sleck\.m2\repository\org\openjfx\javafx-base\21.0.2\javafx-base-21.0.2.jar;C:\Users\Serles_Sleck\.m2\repository\org\openjfx\javafx-base\21.0.2\javafx-base-21.0.2-win.jar
Launcher Type: SUN_STANDARD

[Global flags]
     intx CICompilerCount                          = 12                                        {product} {ergonomic}
     uint ConcGCThreads                            = 4                                         {product} {ergonomic}
     bool EnableJVMCIProduct                       = true                                {JVMCI product} {jimage}
     uint G1ConcRefinementThreads                  = 15                                        {product} {ergonomic}
   size_t G1HeapRegionSize                         = 2097152                                   {product} {ergonomic}
    uintx GCDrainStackTargetSize                   = 64                                        {product} {ergonomic}
   size_t InitialHeapSize                          = 266338304                                 {product} {ergonomic}
   size_t MarkStackSize                            = 4194304                                   {product} {ergonomic}
   size_t MaxHeapSize                              = 4236247040                                {product} {ergonomic}
   size_t MaxNewSize                               = 2541748224                                {product} {ergonomic}
   size_t MinHeapDeltaBytes                        = 2097152                                   {product} {ergonomic}
   size_t MinHeapSize                              = 8388608                                   {product} {ergonomic}
    uintx NonNMethodCodeHeapSize                   = 10453100                               {pd product} {ergonomic}
    uintx NonProfiledCodeHeapSize                  = 120602570                              {pd product} {ergonomic}
    uintx ProfiledCodeHeapSize                     = 120602570                              {pd product} {ergonomic}
    uintx ReservedCodeCacheSize                    = 251658240                              {pd product} {ergonomic}
     bool SegmentedCodeCache                       = true                                      {product} {ergonomic}
   size_t SoftMaxHeapSize                          = 4236247040                             {manageable} {ergonomic}
      int ThreadPriorityPolicy                     = 1                                         {product} {jimage}
     bool UseCompressedOops                        = true                           {product lp64_product} {ergonomic}
     bool UseG1GC                                  = true                                      {product} {ergonomic}
     bool UseLargePagesIndividualAllocation        = false                                  {pd product} {ergonomic}

Logging:
Log output configuration:
 #0: stdout all=warning uptime,level,tags foldmultilines=false
 #1: stderr all=off uptime,level,tags foldmultilines=false

Environment Variables:
PATH=C:\Program Files\Eclipse Adoptium\jdk-25.0.3.9-hotspot\bin;C:\WINDOWS\system32;C:\WINDOWS;C:\WINDOWS\System32\Wbem;C:\WINDOWS\System32\WindowsPowerShell\v1.0\;C:\WINDOWS\System32\OpenSSH\;C:\Program Files\NVIDIA Corporation\NVIDIA App\NvDLISR;C:\Program Files (x86)\NVIDIA Corporation\PhysX\Common;C:\Program Files\Cloudflare\Cloudflare WARP\;C:\Program Files\Git\cmd;C:\Users\Serles_Sleck\AppData\Local\Programs\Python\Python313\Scripts\;C:\Users\Serles_Sleck\AppData\Local\Programs\Python\Python313\;C:\Users\Serles_Sleck\AppData\Local\Microsoft\WindowsApps;C:\Users\Serles_Sleck\AppData\Local\Programs\Microsoft VS Code\bin
USERNAME=Serles_Sleck
OS=Windows_NT
PROCESSOR_IDENTIFIER=Intel64 Family 6 Model 183 Stepping 1, GenuineIntel
TMP=C:\Users\SERLES~1\AppData\Local\Temp
TEMP=C:\Users\SERLES~1\AppData\Local\Temp




Periodic native trim disabled

---------------  S Y S T E M  ---------------

OS:
 Windows 11 , 64 bit Build 26100 (10.0.26100.9444)
OS uptime: 8 days 19:03 hours
Hyper-V role detected

CPU: total 20 (initial active 20) (10 cores per cpu, 2 threads per core) family 6 model 183 stepping 1 microcode 0x136, cx8, cmov, fxsr, ht, mmx, 3dnowpref, sse, sse2, sse3, ssse3, sse4.1, sse4.2, popcnt, lzcnt, tsc, tscinvbit, avx, avx2, aes, erms, clmul, bmi1, bmi2, adx, sha, fma, vzeroupper, clflush, clflushopt, clwb, hv, serialize, rdtscp, rdpid, fsrm, f16c, cet_ibt, cet_ss
Processor Information for processor 0
  Max Mhz: 2600, Current Mhz: 2600, Mhz Limit: 2600
Processor Information for processor 1
  Max Mhz: 2600, Current Mhz: 2600, Mhz Limit: 2600
Processor Information for processor 2
  Max Mhz: 2600, Current Mhz: 2600, Mhz Limit: 2600
Processor Information for processor 3
  Max Mhz: 2600, Current Mhz: 2600, Mhz Limit: 2600
Processor Information for processor 4
  Max Mhz: 2600, Current Mhz: 2600, Mhz Limit: 2600
Processor Information for processor 5
  Max Mhz: 2600, Current Mhz: 2600, Mhz Limit: 2600
Processor Information for processor 6
  Max Mhz: 2600, Current Mhz: 2600, Mhz Limit: 2600
Processor Information for processor 7
  Max Mhz: 2600, Current Mhz: 2600, Mhz Limit: 2600
Processor Information for processor 8
  Max Mhz: 2600, Current Mhz: 2600, Mhz Limit: 2600
Processor Information for processor 9
  Max Mhz: 2600, Current Mhz: 2600, Mhz Limit: 2600
Processor Information for processor 10
  Max Mhz: 2600, Current Mhz: 2600, Mhz Limit: 2600
Processor Information for processor 11
  Max Mhz: 2600, Current Mhz: 2600, Mhz Limit: 2600
Processor Information for processor 12
  Max Mhz: 2600, Current Mhz: 2600, Mhz Limit: 2600
Processor Information for processor 13
  Max Mhz: 2600, Current Mhz: 2600, Mhz Limit: 2600
Processor Information for processor 14
  Max Mhz: 2600, Current Mhz: 2600, Mhz Limit: 2600
Processor Information for processor 15
  Max Mhz: 2600, Current Mhz: 2600, Mhz Limit: 2600
Processor Information for processor 16
  Max Mhz: 2600, Current Mhz: 2600, Mhz Limit: 2600
Processor Information for processor 17
  Max Mhz: 2600, Current Mhz: 1505, Mhz Limit: 2600
Processor Information for processor 18
  Max Mhz: 2600, Current Mhz: 2600, Mhz Limit: 2600
Processor Information for processor 19
  Max Mhz: 2600, Current Mhz: 1505, Mhz Limit: 2600

Memory: 4k page, system-wide physical 16159M (587M free)
TotalPageFile size 46052M (AvailPageFile size 0M)
current process WorkingSet (physical memory assigned to process): 172M, peak: 172M
current process commit charge ("private bytes"): 452M, peak: 464M

vm_info: OpenJDK 64-Bit Server VM (21.0.2+13-jvmci-23.1-b30) for windows-amd64 JRE (21.0.2+13-jvmci-23.1-b30), built on 2024-01-06T13:07:49Z by "Buildbot" with MS VC++ 17.1 (VS2022)

END.
